// Jest Snapshot v1, https://goo.gl/fbAQLP

exports[`Routing creates Netlify redirects 1`] = `
"# Next-on-Netlify Redirects
/  /.netlify/functions/next_index  200
/404  /en/404.html  200
/_next/data/%BUILD_ID%/en/getStaticProps/1.json  /.netlify/functions/next_getStaticProps_id  200!  Cookie=__prerender_bypass,__next_preview_data
/_next/data/%BUILD_ID%/en/getStaticProps/2.json  /.netlify/functions/next_getStaticProps_id  200!  Cookie=__prerender_bypass,__next_preview_data
/_next/data/%BUILD_ID%/en/getStaticProps/withFallback/3.json  /.netlify/functions/next_getStaticProps_withFallback_id  200!  Cookie=__prerender_bypass,__next_preview_data
/_next/data/%BUILD_ID%/en/getStaticProps/withFallback/4.json  /.netlify/functions/next_getStaticProps_withFallback_id  200!  Cookie=__prerender_bypass,__next_preview_data
/_next/data/%BUILD_ID%/en/getStaticProps/withFallback/my/path/1.json  /.netlify/functions/next_getStaticProps_withFallback_slug  200!  Cookie=__prerender_bypass,__next_preview_data
/_next/data/%BUILD_ID%/en/getStaticProps/withFallback/my/path/2.json  /.netlify/functions/next_getStaticProps_withFallback_slug  200!  Cookie=__prerender_bypass,__next_preview_data
/_next/data/%BUILD_ID%/en/getStaticProps/withRevalidate/1.json  /.netlify/functions/next_getStaticProps_withRevalidate_id  200
/_next/data/%BUILD_ID%/getServerSideProps/all.json  /.netlify/functions/next_getServerSideProps_all_slug  200
/_next/data/%BUILD_ID%/getServerSideProps/all/*  /.netlify/functions/next_getServerSideProps_all_slug  200
/_next/data/%BUILD_ID%/getServerSideProps/static.json  /.netlify/functions/next_getServerSideProps_static  200
/_next/data/%BUILD_ID%/getServerSideProps/:id.json  /.netlify/functions/next_getServerSideProps_id  200
/_next/data/%BUILD_ID%/getStaticProps/static.json  /.netlify/functions/next_getStaticProps_static  200!  Cookie=__prerender_bypass,__next_preview_data
/_next/data/%BUILD_ID%/getStaticProps/with-revalidate.json  /.netlify/functions/next_getStaticProps_withrevalidate  200
/_next/data/%BUILD_ID%/getStaticProps/withFallback/:id.json  /.netlify/functions/next_getStaticProps_withFallback_id  200
/_next/data/%BUILD_ID%/getStaticProps/withFallback/:slug/*  /.netlify/functions/next_getStaticProps_withFallback_slug  200
/_next/data/%BUILD_ID%/getStaticProps/withRevalidate/withFallback/:id.json  /.netlify/functions/next_getStaticProps_withRevalidate_withFallback_id  200
/api/shows/:id  /.netlify/functions/next_api_shows_id  200
/api/shows/:params/*  /.netlify/functions/next_api_shows_params  200
/api/static  /.netlify/functions/next_api_static  200
/en/getServerSideProps/all  /.netlify/functions/next_getServerSideProps_all_slug  200
/en/getServerSideProps/all/*  /.netlify/functions/next_getServerSideProps_all_slug  200
/en/getServerSideProps/static  /.netlify/functions/next_getServerSideProps_static  200
/en/getServerSideProps/:id  /.netlify/functions/next_getServerSideProps_id  200
/en/getStaticProps/static  /.netlify/functions/next_getStaticProps_static  200!  Cookie=__prerender_bypass,__next_preview_data
/en/getStaticProps/with-revalidate  /.netlify/functions/next_getStaticProps_withrevalidate  200
/en/getStaticProps/withFallback/:id  /.netlify/functions/next_getStaticProps_withFallback_id  200!  Cookie=__prerender_bypass,__next_preview_data
/en/getStaticProps/withFallback/:slug/*  /.netlify/functions/next_getStaticProps_withFallback_slug  200!  Cookie=__prerender_bypass,__next_preview_data
/en/getStaticProps/withRevalidate/:id  /.netlify/functions/next_getStaticProps_withRevalidate_id  200
/en/getStaticProps/:id  /.netlify/functions/next_getStaticProps_id  200!  Cookie=__prerender_bypass,__next_preview_data
/en/static/:id  /en/static/[id].html  200
/es/getServerSideProps/all  /.netlify/functions/next_getServerSideProps_all_slug  200
/es/getServerSideProps/all/*  /.netlify/functions/next_getServerSideProps_all_slug  200
/es/getServerSideProps/static  /.netlify/functions/next_getServerSideProps_static  200
/es/getServerSideProps/:id  /.netlify/functions/next_getServerSideProps_id  200
/es/getStaticProps/static  /.netlify/functions/next_getStaticProps_static  200!  Cookie=__prerender_bypass,__next_preview_data
/es/getStaticProps/with-revalidate  /.netlify/functions/next_getStaticProps_withrevalidate  200
/es/static/:id  /es/static/[id].html  200
/getServerSideProps/all  /.netlify/functions/next_getServerSideProps_all_slug  200
/getServerSideProps/all/*  /.netlify/functions/next_getServerSideProps_all_slug  200
/getServerSideProps/static  /.netlify/functions/next_getServerSideProps_static  200
/getServerSideProps/:id  /.netlify/functions/next_getServerSideProps_id  200
/getStaticProps/static  /en/getStaticProps/static  200
/getStaticProps/with-revalidate  /.netlify/functions/next_getStaticProps_withrevalidate  200
/getStaticProps/withFallback/:id  /en/getStaticProps/withFallback/:id  200
/getStaticProps/withFallback/:id  /en/getStaticProps/withFallback/:id  200
/getStaticProps/withFallback/:slug/*  /en/getStaticProps/withFallback/:...slug  200
/getStaticProps/withFallback/:slug/*  /en/getStaticProps/withFallback/:...slug  200
/getStaticProps/withRevalidate/withFallback/:id  /.netlify/functions/next_getStaticProps_withRevalidate_withFallback_id  200
/getStaticProps/withRevalidate/:id  /.netlify/functions/next_getStaticProps_withRevalidate_id  200
/getStaticProps/:id  /en/getStaticProps/:id  200
/shows/:id  /.netlify/functions/next_shows_id  200
/shows/:params/*  /.netlify/functions/next_shows_params  200
/static  /en/static.html  200
/static/:id  /en/static/[id].html  200"
`;
